{"id":"msg_bdrk_01VEYAMVXLxFuuoAigDti4N8","type":"message","role":"assistant","model":"claude-3-5-sonnet-20240620","content":[{"type":"text","text":"한국의 역사는 매우 오래되고 풍부합니다. 주요 시대와 사건을 간략히 요약하면 다음과 같습니다:\n\n1. 고대: 고조선, 삼국시대 (고구려, 백제, 신라)\n\n2. 통일신라 (668-935): 신라가 삼국 통일\n\n3. 고려시대 (918-1392): 불교 문화 발전, 몽골 침입\n\n4. 조선시대 (1392-1910): 유교 문화, 한글 창제, 임진왜란\n\n5. 일제강점기 (1910-1945): 일본의 식민 지배\n\n6. 해방과 분단 (1945): 남북 분단\n\n7. 한국전쟁 (1950-1953): 남북한 전쟁\n\n8. 현대: \n   - 경제 발전 ('한강의 기적')\n   - 민주화 운동\n   - IT 강국으로 "}],"stop_reason":"max_tokens","stop_sequence":null,"usage":{"input_tokens":30,"output_tokens":300}}